// Jest Snapshot v1, https://goo.gl/fbAQLP

exports[`UniswapV2Factory createPair:gas 1`] = `2936691`;

exports[`UniswapV2Factory factory bytecode size 1`] = `15946`;

exports[`UniswapV2Factory pair bytecode size 1`] = `0`;
